<html>
<body>
<pre>
<h1>µVision Build Log</h1>
<h2>Tool Versions:</h2>
IDE-Version: µVision V5.40.0.0
Copyright (C) 2024 ARM Ltd and ARM Germany GmbH. All rights reserved.
License Information: Mak Mckinney, University of Tennessee, LIC=----
 
Tool Versions:
Toolchain:       MDK-Lite  Version: 5.40.0.3
Toolchain Path:  C:\Users\Backup-Admin\AppData\Local\Keil_v5\ARM\ARMCLANG\Bin
C Compiler:      ArmClang.exe V6.22
Assembler:       Armasm.exe V6.22
Linker/Locator:  ArmLink.exe V6.22
Library Manager: ArmAr.exe V6.22
Hex Converter:   FromElf.exe V6.22
CPU DLL:         SARMCM3.DLL V5.40.0.3
Dialog DLL:      DCM.DLL V1.17.5.0
Target DLL:      lmidk-agdi.dll V???
Dialog DLL:      TCM.DLL V1.56.4.0
 
<h2>Project:</h2>
C:\Users\Backup-Admin\Documents\UTK Coursework\fall 2024\ece455\ECE455_Labs\Final\PA5.uvprojx
Project File Date:  11/24/2024

<h2>Output:</h2>
*** Using Compiler 'V6.22', folder: 'C:\Users\Backup-Admin\AppData\Local\Keil_v5\ARM\ARMCLANG\Bin'
Rebuild target 'PA5ESP8266'
compiling weather.c...
compiling Sound.c...
assembling startup.s...
compiling main.c...
compiling pll.c...
compiling LED.c...
compiling UART.c...
compiling esp8266.c...
compiling Timer.c...
compiling RTC.c...
compiling ST7735.c...
compiling PortF.c...
compiling IO.c...
linking...
Program Size: Code=18692 RO-data=3348 RW-data=164 ZI-data=6568  
".\PA5.axf" - 0 Error(s), 0 Warning(s).

<h2>Software Packages used:</h2>

Package Vendor: ARM
                https://www.keil.com/pack/ARM.CMSIS.6.1.0.pack
                ARM::CMSIS@6.1.0
                CMSIS (Common Microcontroller Software Interface Standard)
   * Component: CORE Version: 6.1.0

Package Vendor: Keil
                http://www.keil.com/pack/Keil.TM4C_DFP.1.1.0.pack
                Keil::TM4C_DFP@1.1.0
                Texas Instruments Tiva C Series Device Support and Examples

<h2>Collection of Component include folders:</h2>
  ./RTE/_PA5ESP8266
  C:/Users/Backup-Admin/AppData/Local/Arm/Packs/ARM/CMSIS/6.1.0/CMSIS/Core/Include
  C:/Users/Backup-Admin/AppData/Local/Arm/Packs/Keil/TM4C_DFP/1.1.0/Device/Include/TM4C123

<h2>Collection of Component Files used:</h2>

   * Component: ARM::CMSIS:CORE@6.1.0
Build Time Elapsed:  00:00:01
</pre>
</body>
</html>
